------------------------------------------------------------
TimeQuest Timing Analyzer Summary
------------------------------------------------------------

Type  : Slow 1100mV 85C Model Setup 'CLOCK_50'
Slack : 15.852
TNS   : 0.000

Type  : Slow 1100mV 85C Model Setup 'CLOCK3_50'
Slack : 17.923
TNS   : 0.000

Type  : Slow 1100mV 85C Model Hold 'CLOCK_50'
Slack : 0.831
TNS   : 0.000

Type  : Slow 1100mV 85C Model Hold 'CLOCK3_50'
Slack : 0.897
TNS   : 0.000

Type  : Slow 1100mV 85C Model Minimum Pulse Width 'CLOCK3_50'
Slack : 8.863
TNS   : 0.000

Type  : Slow 1100mV 85C Model Minimum Pulse Width 'CLOCK_50'
Slack : 9.171
TNS   : 0.000

Type  : Slow 1100mV 0C Model Setup 'CLOCK_50'
Slack : 15.870
TNS   : 0.000

Type  : Slow 1100mV 0C Model Setup 'CLOCK3_50'
Slack : 17.865
TNS   : 0.000

Type  : Slow 1100mV 0C Model Hold 'CLOCK_50'
Slack : 0.882
TNS   : 0.000

Type  : Slow 1100mV 0C Model Hold 'CLOCK3_50'
Slack : 0.891
TNS   : 0.000

Type  : Slow 1100mV 0C Model Minimum Pulse Width 'CLOCK3_50'
Slack : 8.859
TNS   : 0.000

Type  : Slow 1100mV 0C Model Minimum Pulse Width 'CLOCK_50'
Slack : 9.276
TNS   : 0.000

Type  : Fast 1100mV 85C Model Setup 'CLOCK_50'
Slack : 17.997
TNS   : 0.000

Type  : Fast 1100mV 85C Model Setup 'CLOCK3_50'
Slack : 18.855
TNS   : 0.000

Type  : Fast 1100mV 85C Model Hold 'CLOCK_50'
Slack : 0.304
TNS   : 0.000

Type  : Fast 1100mV 85C Model Hold 'CLOCK3_50'
Slack : 0.372
TNS   : 0.000

Type  : Fast 1100mV 85C Model Minimum Pulse Width 'CLOCK3_50'
Slack : 8.801
TNS   : 0.000

Type  : Fast 1100mV 85C Model Minimum Pulse Width 'CLOCK_50'
Slack : 9.102
TNS   : 0.000

Type  : Fast 1100mV 0C Model Setup 'CLOCK_50'
Slack : 18.191
TNS   : 0.000

Type  : Fast 1100mV 0C Model Setup 'CLOCK3_50'
Slack : 18.894
TNS   : 0.000

Type  : Fast 1100mV 0C Model Hold 'CLOCK_50'
Slack : 0.295
TNS   : 0.000

Type  : Fast 1100mV 0C Model Hold 'CLOCK3_50'
Slack : 0.352
TNS   : 0.000

Type  : Fast 1100mV 0C Model Minimum Pulse Width 'CLOCK3_50'
Slack : 8.789
TNS   : 0.000

Type  : Fast 1100mV 0C Model Minimum Pulse Width 'CLOCK_50'
Slack : 9.060
TNS   : 0.000

------------------------------------------------------------
